// Jest Snapshot v1, https://goo.gl/fbAQLP

exports[`renders without crashing 1`] = `
ShallowWrapper {
  Symbol(enzyme.__root__): [Circular],
  Symbol(enzyme.__unrendered__): <HouseResult
    address={null}
    burial_ground={false}
    featured={true}
    id={1}
    image_url="https://media.cntraveler.com/photos/580e6787e62940c66bd2be0d/master/w_820,c_limit/winchester-mystery-house-san-jose-GettyImages-110714519.jpg"
    name="Winchester Mystery House"
    rooms={null}
    solo_haunt={false}
  />,
  Symbol(enzyme.__renderer__): Object {
    "batchedUpdates": [Function],
    "checkPropTypes": [Function],
    "getNode": [Function],
    "render": [Function],
    "simulateError": [Function],
    "simulateEvent": [Function],
    "unmount": [Function],
  },
  Symbol(enzyme.__node__): Object {
    "instance": null,
    "key": undefined,
    "nodeType": "host",
    "props": Object {
      "children": Array [
        <h1>
          Winchester Mystery House
        </h1>,
        <img
          alt="front shot of Winchester Mystery House"
          src="https://media.cntraveler.com/photos/580e6787e62940c66bd2be0d/master/w_820,c_limit/winchester-mystery-house-san-jose-GettyImages-110714519.jpg"
          style={
            Object {
              "height": "600px",
              "width": "800px",
            }
          }
        />,
      ],
    },
    "ref": null,
    "rendered": Array [
      Object {
        "instance": null,
        "key": undefined,
        "nodeType": "host",
        "props": Object {
          "children": "Winchester Mystery House",
        },
        "ref": null,
        "rendered": "Winchester Mystery House",
        "type": "h1",
      },
      Object {
        "instance": null,
        "key": undefined,
        "nodeType": "host",
        "props": Object {
          "alt": "front shot of Winchester Mystery House",
          "src": "https://media.cntraveler.com/photos/580e6787e62940c66bd2be0d/master/w_820,c_limit/winchester-mystery-house-san-jose-GettyImages-110714519.jpg",
          "style": Object {
            "height": "600px",
            "width": "800px",
          },
        },
        "ref": null,
        "rendered": null,
        "type": "img",
      },
    ],
    "type": "div",
  },
  Symbol(enzyme.__nodes__): Array [
    Object {
      "instance": null,
      "key": undefined,
      "nodeType": "host",
      "props": Object {
        "children": Array [
          <h1>
            Winchester Mystery House
          </h1>,
          <img
            alt="front shot of Winchester Mystery House"
            src="https://media.cntraveler.com/photos/580e6787e62940c66bd2be0d/master/w_820,c_limit/winchester-mystery-house-san-jose-GettyImages-110714519.jpg"
            style={
              Object {
                "height": "600px",
                "width": "800px",
              }
            }
          />,
        ],
      },
      "ref": null,
      "rendered": Array [
        Object {
          "instance": null,
          "key": undefined,
          "nodeType": "host",
          "props": Object {
            "children": "Winchester Mystery House",
          },
          "ref": null,
          "rendered": "Winchester Mystery House",
          "type": "h1",
        },
        Object {
          "instance": null,
          "key": undefined,
          "nodeType": "host",
          "props": Object {
            "alt": "front shot of Winchester Mystery House",
            "src": "https://media.cntraveler.com/photos/580e6787e62940c66bd2be0d/master/w_820,c_limit/winchester-mystery-house-san-jose-GettyImages-110714519.jpg",
            "style": Object {
              "height": "600px",
              "width": "800px",
            },
          },
          "ref": null,
          "rendered": null,
          "type": "img",
        },
      ],
      "type": "div",
    },
  ],
  Symbol(enzyme.__options__): Object {
    "adapter": ReactSixteenAdapter {
      "options": Object {
        "enableComponentDidUpdateOnSetState": true,
        "legacyContextMode": "parent",
        "lifecycles": Object {
          "componentDidUpdate": Object {
            "onSetState": true,
          },
          "getChildContext": Object {
            "calledByRenderer": false,
          },
          "getDerivedStateFromProps": true,
          "getSnapshotBeforeUpdate": true,
          "setState": Object {
            "skipsComponentDidUpdateOnNullish": true,
          },
        },
      },
    },
  },
}
`;
