// Jest Snapshot v1, https://goo.gl/fbAQLP

exports[`renders without crashing 1`] = `
<div
  style={
    Object {
      "alignItems": "center",
      "display": "flex",
      "flex": 1,
      "flexDirection": "column",
    }
  }
>
  <img
    alt="Winchester Mystery House"
    style={
      Object {
        "height": "800px",
        "padding": "10px",
        "width": "1500px",
      }
    }
  />
  <h1>
    Winchester Mystery House
  </h1>
</div>
`;
