// Jest Snapshot v1, https://goo.gl/fbAQLP

exports[`renders without crashing 1`] = `
ShallowWrapper {
  Symbol(enzyme.__root__): [Circular],
  Symbol(enzyme.__unrendered__): <CarouselTile
    image_url="https://media.cntraveler.com/photos/580e6787e62940c66bd2be0d/master/w_820,c_limit/winchester-mystery-house-san-jose-GettyImages-110714519.jpg"
    name="Winchester Mystery House"
  />,
  Symbol(enzyme.__renderer__): Object {
    "batchedUpdates": [Function],
    "checkPropTypes": [Function],
    "getNode": [Function],
    "render": [Function],
    "simulateError": [Function],
    "simulateEvent": [Function],
    "unmount": [Function],
  },
  Symbol(enzyme.__node__): Object {
    "instance": null,
    "key": undefined,
    "nodeType": "host",
    "props": Object {
      "children": Array [
        <img
          alt="Winchester Mystery House"
          className="w-100"
          style={
            Object {
              "height": "550px",
            }
          }
        />,
        <div
          className="caption relative bottom-2 bg-black white h2"
        >
          <p
            className="relative pa1 ml5"
          >
            Winchester Mystery House
          </p>
        </div>,
      ],
      "className": "di fl pa0 w-100",
      "style": undefined,
    },
    "ref": null,
    "rendered": Array [
      Object {
        "instance": null,
        "key": undefined,
        "nodeType": "host",
        "props": Object {
          "alt": "Winchester Mystery House",
          "className": "w-100",
          "src": undefined,
          "style": Object {
            "height": "550px",
          },
        },
        "ref": null,
        "rendered": null,
        "type": "img",
      },
      Object {
        "instance": null,
        "key": undefined,
        "nodeType": "host",
        "props": Object {
          "children": <p
            className="relative pa1 ml5"
          >
            Winchester Mystery House
          </p>,
          "className": "caption relative bottom-2 bg-black white h2",
        },
        "ref": null,
        "rendered": Object {
          "instance": null,
          "key": undefined,
          "nodeType": "host",
          "props": Object {
            "children": "Winchester Mystery House",
            "className": "relative pa1 ml5",
          },
          "ref": null,
          "rendered": "Winchester Mystery House",
          "type": "p",
        },
        "type": "div",
      },
    ],
    "type": "li",
  },
  Symbol(enzyme.__nodes__): Array [
    Object {
      "instance": null,
      "key": undefined,
      "nodeType": "host",
      "props": Object {
        "children": Array [
          <img
            alt="Winchester Mystery House"
            className="w-100"
            style={
              Object {
                "height": "550px",
              }
            }
          />,
          <div
            className="caption relative bottom-2 bg-black white h2"
          >
            <p
              className="relative pa1 ml5"
            >
              Winchester Mystery House
            </p>
          </div>,
        ],
        "className": "di fl pa0 w-100",
        "style": undefined,
      },
      "ref": null,
      "rendered": Array [
        Object {
          "instance": null,
          "key": undefined,
          "nodeType": "host",
          "props": Object {
            "alt": "Winchester Mystery House",
            "className": "w-100",
            "src": undefined,
            "style": Object {
              "height": "550px",
            },
          },
          "ref": null,
          "rendered": null,
          "type": "img",
        },
        Object {
          "instance": null,
          "key": undefined,
          "nodeType": "host",
          "props": Object {
            "children": <p
              className="relative pa1 ml5"
            >
              Winchester Mystery House
            </p>,
            "className": "caption relative bottom-2 bg-black white h2",
          },
          "ref": null,
          "rendered": Object {
            "instance": null,
            "key": undefined,
            "nodeType": "host",
            "props": Object {
              "children": "Winchester Mystery House",
              "className": "relative pa1 ml5",
            },
            "ref": null,
            "rendered": "Winchester Mystery House",
            "type": "p",
          },
          "type": "div",
        },
      ],
      "type": "li",
    },
  ],
  Symbol(enzyme.__options__): Object {
    "adapter": ReactSixteenAdapter {
      "options": Object {
        "enableComponentDidUpdateOnSetState": true,
        "legacyContextMode": "parent",
        "lifecycles": Object {
          "componentDidUpdate": Object {
            "onSetState": true,
          },
          "getChildContext": Object {
            "calledByRenderer": false,
          },
          "getDerivedStateFromProps": true,
          "getSnapshotBeforeUpdate": true,
          "setState": Object {
            "skipsComponentDidUpdateOnNullish": true,
          },
        },
      },
    },
  },
}
`;
