// Jest Snapshot v1, https://goo.gl/fbAQLP

exports[`renders without crashing 1`] = `
ShallowWrapper {
  Symbol(enzyme.__root__): [Circular],
  Symbol(enzyme.__unrendered__): <AgentCard
    age={500}
    image="https://i.ytimg.com/vi/IBQucj2hea4/hqdefault.jpg"
    motto="Lend thy serious hearing--for your next move!"
    username="King Hamlet"
  />,
  Symbol(enzyme.__renderer__): Object {
    "batchedUpdates": [Function],
    "checkPropTypes": [Function],
    "getNode": [Function],
    "render": [Function],
    "simulateError": [Function],
    "simulateEvent": [Function],
    "unmount": [Function],
  },
  Symbol(enzyme.__node__): Object {
    "instance": null,
    "key": undefined,
    "nodeType": "class",
    "props": Object {
      "children": <div
        className="ui grid"
      >
        <div
          className="four wide column"
        >
          <Image
            alt="King Hamlet's headshot'"
            as="img"
            src="https://i.ytimg.com/vi/IBQucj2hea4/hqdefault.jpg"
            ui={true}
          />
        </div>
        <div
          className="four wide column"
        >
          <Header
            as="h1"
            className="f3 mb5"
          >
            King Hamlet
          </Header>
          <Header
            as="h3"
            className="i"
          >
            Lend thy serious hearing--for your next move!
          </Header>
        </div>
        <div
          className="seven wide column"
        >
          <p
            className="i"
          >
            "Lorem ipsum dolor sit amet, consectetur adipiscing elit, sed do eiusmod tempor incididunt ut labore et dolore magna aliqua. Ut enim ad minim veniam, quis nostrud exercitation ullamco laboris nisi ut aliquip ex ea commodo consequat.
          </p>
        </div>
      </div>,
      "replace": false,
      "style": Object {
        "textDecoration": "none",
      },
      "to": "/mediums/undefined",
    },
    "ref": null,
    "rendered": Object {
      "instance": null,
      "key": undefined,
      "nodeType": "host",
      "props": Object {
        "children": Array [
          <div
            className="four wide column"
          >
            <Image
              alt="King Hamlet's headshot'"
              as="img"
              src="https://i.ytimg.com/vi/IBQucj2hea4/hqdefault.jpg"
              ui={true}
            />
          </div>,
          <div
            className="four wide column"
          >
            <Header
              as="h1"
              className="f3 mb5"
            >
              King Hamlet
            </Header>
            <Header
              as="h3"
              className="i"
            >
              Lend thy serious hearing--for your next move!
            </Header>
          </div>,
          <div
            className="seven wide column"
          >
            <p
              className="i"
            >
              "Lorem ipsum dolor sit amet, consectetur adipiscing elit, sed do eiusmod tempor incididunt ut labore et dolore magna aliqua. Ut enim ad minim veniam, quis nostrud exercitation ullamco laboris nisi ut aliquip ex ea commodo consequat.
            </p>
          </div>,
        ],
        "className": "ui grid",
      },
      "ref": null,
      "rendered": Array [
        Object {
          "instance": null,
          "key": undefined,
          "nodeType": "host",
          "props": Object {
            "children": <Image
              alt="King Hamlet's headshot'"
              as="img"
              src="https://i.ytimg.com/vi/IBQucj2hea4/hqdefault.jpg"
              ui={true}
            />,
            "className": "four wide column",
          },
          "ref": null,
          "rendered": Object {
            "instance": null,
            "key": undefined,
            "nodeType": "function",
            "props": Object {
              "alt": "King Hamlet's headshot'",
              "as": "img",
              "src": "https://i.ytimg.com/vi/IBQucj2hea4/hqdefault.jpg",
              "ui": true,
            },
            "ref": null,
            "rendered": null,
            "type": [Function],
          },
          "type": "div",
        },
        Object {
          "instance": null,
          "key": undefined,
          "nodeType": "host",
          "props": Object {
            "children": Array [
              <Header
                as="h1"
                className="f3 mb5"
              >
                King Hamlet
              </Header>,
              <Header
                as="h3"
                className="i"
              >
                Lend thy serious hearing--for your next move!
              </Header>,
            ],
            "className": "four wide column",
          },
          "ref": null,
          "rendered": Array [
            Object {
              "instance": null,
              "key": undefined,
              "nodeType": "function",
              "props": Object {
                "as": "h1",
                "children": "King Hamlet",
                "className": "f3 mb5",
              },
              "ref": null,
              "rendered": "King Hamlet",
              "type": [Function],
            },
            Object {
              "instance": null,
              "key": undefined,
              "nodeType": "function",
              "props": Object {
                "as": "h3",
                "children": "Lend thy serious hearing--for your next move!",
                "className": "i",
              },
              "ref": null,
              "rendered": "Lend thy serious hearing--for your next move!",
              "type": [Function],
            },
          ],
          "type": "div",
        },
        Object {
          "instance": null,
          "key": undefined,
          "nodeType": "host",
          "props": Object {
            "children": <p
              className="i"
            >
              "Lorem ipsum dolor sit amet, consectetur adipiscing elit, sed do eiusmod tempor incididunt ut labore et dolore magna aliqua. Ut enim ad minim veniam, quis nostrud exercitation ullamco laboris nisi ut aliquip ex ea commodo consequat.
            </p>,
            "className": "seven wide column",
          },
          "ref": null,
          "rendered": Object {
            "instance": null,
            "key": undefined,
            "nodeType": "host",
            "props": Object {
              "children": "\\"Lorem ipsum dolor sit amet, consectetur adipiscing elit, sed do eiusmod tempor incididunt ut labore et dolore magna aliqua. Ut enim ad minim veniam, quis nostrud exercitation ullamco laboris nisi ut aliquip ex ea commodo consequat.",
              "className": "i",
            },
            "ref": null,
            "rendered": "\\"Lorem ipsum dolor sit amet, consectetur adipiscing elit, sed do eiusmod tempor incididunt ut labore et dolore magna aliqua. Ut enim ad minim veniam, quis nostrud exercitation ullamco laboris nisi ut aliquip ex ea commodo consequat.",
            "type": "p",
          },
          "type": "div",
        },
      ],
      "type": "div",
    },
    "type": [Function],
  },
  Symbol(enzyme.__nodes__): Array [
    Object {
      "instance": null,
      "key": undefined,
      "nodeType": "class",
      "props": Object {
        "children": <div
          className="ui grid"
        >
          <div
            className="four wide column"
          >
            <Image
              alt="King Hamlet's headshot'"
              as="img"
              src="https://i.ytimg.com/vi/IBQucj2hea4/hqdefault.jpg"
              ui={true}
            />
          </div>
          <div
            className="four wide column"
          >
            <Header
              as="h1"
              className="f3 mb5"
            >
              King Hamlet
            </Header>
            <Header
              as="h3"
              className="i"
            >
              Lend thy serious hearing--for your next move!
            </Header>
          </div>
          <div
            className="seven wide column"
          >
            <p
              className="i"
            >
              "Lorem ipsum dolor sit amet, consectetur adipiscing elit, sed do eiusmod tempor incididunt ut labore et dolore magna aliqua. Ut enim ad minim veniam, quis nostrud exercitation ullamco laboris nisi ut aliquip ex ea commodo consequat.
            </p>
          </div>
        </div>,
        "replace": false,
        "style": Object {
          "textDecoration": "none",
        },
        "to": "/mediums/undefined",
      },
      "ref": null,
      "rendered": Object {
        "instance": null,
        "key": undefined,
        "nodeType": "host",
        "props": Object {
          "children": Array [
            <div
              className="four wide column"
            >
              <Image
                alt="King Hamlet's headshot'"
                as="img"
                src="https://i.ytimg.com/vi/IBQucj2hea4/hqdefault.jpg"
                ui={true}
              />
            </div>,
            <div
              className="four wide column"
            >
              <Header
                as="h1"
                className="f3 mb5"
              >
                King Hamlet
              </Header>
              <Header
                as="h3"
                className="i"
              >
                Lend thy serious hearing--for your next move!
              </Header>
            </div>,
            <div
              className="seven wide column"
            >
              <p
                className="i"
              >
                "Lorem ipsum dolor sit amet, consectetur adipiscing elit, sed do eiusmod tempor incididunt ut labore et dolore magna aliqua. Ut enim ad minim veniam, quis nostrud exercitation ullamco laboris nisi ut aliquip ex ea commodo consequat.
              </p>
            </div>,
          ],
          "className": "ui grid",
        },
        "ref": null,
        "rendered": Array [
          Object {
            "instance": null,
            "key": undefined,
            "nodeType": "host",
            "props": Object {
              "children": <Image
                alt="King Hamlet's headshot'"
                as="img"
                src="https://i.ytimg.com/vi/IBQucj2hea4/hqdefault.jpg"
                ui={true}
              />,
              "className": "four wide column",
            },
            "ref": null,
            "rendered": Object {
              "instance": null,
              "key": undefined,
              "nodeType": "function",
              "props": Object {
                "alt": "King Hamlet's headshot'",
                "as": "img",
                "src": "https://i.ytimg.com/vi/IBQucj2hea4/hqdefault.jpg",
                "ui": true,
              },
              "ref": null,
              "rendered": null,
              "type": [Function],
            },
            "type": "div",
          },
          Object {
            "instance": null,
            "key": undefined,
            "nodeType": "host",
            "props": Object {
              "children": Array [
                <Header
                  as="h1"
                  className="f3 mb5"
                >
                  King Hamlet
                </Header>,
                <Header
                  as="h3"
                  className="i"
                >
                  Lend thy serious hearing--for your next move!
                </Header>,
              ],
              "className": "four wide column",
            },
            "ref": null,
            "rendered": Array [
              Object {
                "instance": null,
                "key": undefined,
                "nodeType": "function",
                "props": Object {
                  "as": "h1",
                  "children": "King Hamlet",
                  "className": "f3 mb5",
                },
                "ref": null,
                "rendered": "King Hamlet",
                "type": [Function],
              },
              Object {
                "instance": null,
                "key": undefined,
                "nodeType": "function",
                "props": Object {
                  "as": "h3",
                  "children": "Lend thy serious hearing--for your next move!",
                  "className": "i",
                },
                "ref": null,
                "rendered": "Lend thy serious hearing--for your next move!",
                "type": [Function],
              },
            ],
            "type": "div",
          },
          Object {
            "instance": null,
            "key": undefined,
            "nodeType": "host",
            "props": Object {
              "children": <p
                className="i"
              >
                "Lorem ipsum dolor sit amet, consectetur adipiscing elit, sed do eiusmod tempor incididunt ut labore et dolore magna aliqua. Ut enim ad minim veniam, quis nostrud exercitation ullamco laboris nisi ut aliquip ex ea commodo consequat.
              </p>,
              "className": "seven wide column",
            },
            "ref": null,
            "rendered": Object {
              "instance": null,
              "key": undefined,
              "nodeType": "host",
              "props": Object {
                "children": "\\"Lorem ipsum dolor sit amet, consectetur adipiscing elit, sed do eiusmod tempor incididunt ut labore et dolore magna aliqua. Ut enim ad minim veniam, quis nostrud exercitation ullamco laboris nisi ut aliquip ex ea commodo consequat.",
                "className": "i",
              },
              "ref": null,
              "rendered": "\\"Lorem ipsum dolor sit amet, consectetur adipiscing elit, sed do eiusmod tempor incididunt ut labore et dolore magna aliqua. Ut enim ad minim veniam, quis nostrud exercitation ullamco laboris nisi ut aliquip ex ea commodo consequat.",
              "type": "p",
            },
            "type": "div",
          },
        ],
        "type": "div",
      },
      "type": [Function],
    },
  ],
  Symbol(enzyme.__options__): Object {
    "adapter": ReactSixteenAdapter {
      "options": Object {
        "enableComponentDidUpdateOnSetState": true,
        "legacyContextMode": "parent",
        "lifecycles": Object {
          "componentDidUpdate": Object {
            "onSetState": true,
          },
          "getChildContext": Object {
            "calledByRenderer": false,
          },
          "getDerivedStateFromProps": true,
          "getSnapshotBeforeUpdate": true,
          "setState": Object {
            "skipsComponentDidUpdateOnNullish": true,
          },
        },
      },
    },
  },
}
`;
